// Jest Snapshot v1, https://goo.gl/fbAQLP

exports[`<CreditValue /> should match snapshot 1`] = `
<View
  style={
    [
      {
        "display": "flex",
      },
      {
        "flexDirection": "row",
      },
      {
        "justifyContent": "center",
      },
      {
        "alignItems": "center",
      },
    ]
  }
  testID="credit-value"
>
  <View
    style={
      [
        {
          "borderBottomLeftRadius": 9999,
          "borderBottomRightRadius": 9999,
          "borderTopLeftRadius": 9999,
          "borderTopRightRadius": 9999,
        },
        {
          "height": 20,
        },
        {
          "width": 20,
        },
        {
          "justifyContent": "center",
        },
        {
          "alignItems": "center",
        },
        {
          "backgroundColor": "#52525b",
        },
      ]
    }
    testID="credit-value-icon-container"
  >
    <Text />
  </View>
  <Text
    style={
      [
        {
          "fontSize": 18,
          "lineHeight": 28,
        },
        {
          "marginLeft": 4,
        },
        {
          "fontWeight": "600",
        },
        {
          "color": "#52525b",
        },
      ]
    }
    testID="credit-value-text"
  >
    R$0,00
  </Text>
</View>
`;
